[2026-09-01T00:33:50Z] run=m1-accepted-build2 output=/home/jaber/zabbix-platform-m1-91947c3/build/out/m1-accepted-build2 clean_root=/var/lib/zabbix-offline-build/m1-m1-accepted-build2-42733/source-root
[2026-09-01T00:33:50Z] pre_host_rpm_hash=458f0c828fa380a0f444364ce83ff996fbad57b89201b7acb9210025f732cf64 pre_host_module_hash=9ca84f282a92fea4083f0f467f9f86ce564e92769cb8c24a90bb84ecbffad083
[2026-09-01T00:33:53Z] refreshing metadata in empty source installroot
Updating Subscription Management repositories.
Unable to read consumer identity

This system is not registered with an entitlement server. You can use "rhc" or "subscription-manager" to register.

Added m1-zabbix repo from https://repo.zabbix.com/zabbix/7.0/rhel/9/x86_64/
Added m1-zabbix-nonsupported repo from https://repo.zabbix.com/non-supported/rhel/9/x86_64/
Red Hat Enterprise Linux 9 for x86_64 - BaseOS  9.0 MB/s |  87 MB     00:09    
Red Hat Enterprise Linux 9 for x86_64 - AppStre 8.1 MB/s |  73 MB     00:08    
m1-zabbix                                       183 kB/s | 581 kB     00:03    
m1-zabbix-nonsupported                          572  B/s | 1.1 kB     00:01    
Metadata cache created.
[2026-09-01T00:34:46Z] selecting target streams inside disposable source root
Updating Subscription Management repositories.
Unable to read consumer identity

This system is not registered with an entitlement server. You can use "rhc" or "subscription-manager" to register.

Added m1-zabbix repo from https://repo.zabbix.com/zabbix/7.0/rhel/9/x86_64/
Added m1-zabbix-nonsupported repo from https://repo.zabbix.com/non-supported/rhel/9/x86_64/
Last metadata expiration check: 0:00:05 ago on Tue 01 Sep 2026 03:34:42 AM +03.
Dependencies resolved.
================================================================================
 Package           Architecture     Version             Repository         Size
================================================================================
Enabling module streams:
 nginx                              1.24                                       
 php                                8.3                                        
 postgresql                         16                                         

Transaction Summary
================================================================================

Complete!
[2026-09-01T00:34:51Z] downloading complete runtime closure with --resolve --alldeps
Updating Subscription Management repositories.
Unable to read consumer identity

This system is not registered with an entitlement server. You can use "rhc" or "subscription-manager" to register.

Added m1-zabbix repo from https://repo.zabbix.com/zabbix/7.0/rhel/9/x86_64/
Added m1-zabbix-nonsupported repo from https://repo.zabbix.com/non-supported/rhel/9/x86_64/
Last metadata expiration check: 0:00:10 ago on Tue 01 Sep 2026 03:34:42 AM +03.
(1/313): langpacks-core-font-en-3.0-16.el9.noar 8.9 kB/s |  11 kB     00:01    
(2/313): dejavu-sans-fonts-2.37-18.el9.noarch.r 1.1 MB/s | 1.3 MB     00:01    
(3/313): gd-2.3.2-3.el9.x86_64.rpm               89 kB/s | 134 kB     00:01    
(4/313): apr-1.7.0-12.el9_3.x86_64.rpm          257 kB/s | 126 kB     00:00    
(5/313): c-ares-1.19.1-2.el9_4.x86_64.rpm       208 kB/s | 113 kB     00:00    
(6/313): dbus-common-1.12.20-8.el9.noarch.rpm    48 kB/s |  18 kB     00:00    
(7/313): dbus-libs-1.12.20-8.el9.x86_64.rpm     348 kB/s | 154 kB     00:00    
(8/313): jbigkit-libs-2.1-23.el9.x86_64.rpm     160 kB/s |  56 kB     00:00    
(9/313): zabbix-web-pgsql-7.0.30-release1.el9.n  11 kB/s |  12 kB     00:01    
(10/313): OpenIPMI-libs-2.0.36-1.el9.x86_64.rpm 1.0 MB/s | 517 kB     00:00    
(11/313): freetype-2.10.4-10.el9_5.x86_64.rpm   879 kB/s | 389 kB     00:00    
(12/313): capstone-4.0.2-10.el9.x86_64.rpm      1.6 MB/s | 770 kB     00:00    
(13/313): fping-5.1-1.el9.x86_64.rpm             29 kB/s |  35 kB     00:01    
(14/313): gzip-1.12-1.el9.x86_64.rpm            427 kB/s | 167 kB     00:00    
(15/313): krb5-libs-1.21.1-8.el9_6.x86_64.rpm   1.7 MB/s | 766 kB     00:00    
(16/313): libdb-5.3.28-57.el9_6.x86_64.rpm      1.7 MB/s | 737 kB     00:00    
(17/313): zabbix-web-service-7.0.30-release1.el 1.8 MB/s | 3.7 MB     00:01    
(18/313): php-8.3.19-1.module+el9.6.0+23015+da8  14 kB/s | 4.9 kB     00:00    
(19/313): php-bcmath-8.3.19-1.module+el9.6.0+23 103 kB/s |  34 kB     00:00    
(20/313): php-common-8.3.19-1.module+el9.6.0+23 1.7 MB/s | 721 kB     00:00    
(21/313): libXpm-3.5.13-10.el9.x86_64.rpm       133 kB/s |  61 kB     00:00    
(22/313): php-cli-8.3.19-1.module+el9.6.0+23015 4.2 MB/s | 3.7 MB     00:00    
(23/313): php-fpm-8.3.19-1.module+el9.6.0+23015 4.0 MB/s | 1.9 MB     00:00    
(24/313): php-gd-8.3.19-1.module+el9.6.0+23015+ 112 kB/s |  41 kB     00:00    
(25/313): less-590-5.el9.x86_64.rpm             501 kB/s | 167 kB     00:00    
(26/313): libxcrypt-compat-4.4.18-3.el9.x86_64. 134 kB/s |  91 kB     00:00    
(27/313): php-ldap-8.3.19-1.module+el9.6.0+2301 108 kB/s |  43 kB     00:00    
(28/313): php-opcache-8.3.19-1.module+el9.6.0+2 1.0 MB/s | 354 kB     00:00    
(29/313): php-mbstring-8.3.19-1.module+el9.6.0+ 1.0 MB/s | 525 kB     00:00    
(30/313): php-pdo-8.3.19-1.module+el9.6.0+23015 220 kB/s |  87 kB     00:00    
(31/313): php-pgsql-8.3.19-1.module+el9.6.0+230 225 kB/s |  75 kB     00:00    
(32/313): php-xml-8.3.19-1.module+el9.6.0+23015 288 kB/s | 152 kB     00:00    
(33/313): perl-File-Path-2.18-4.el9.noarch.rpm  111 kB/s |  38 kB     00:00    
(34/313): libnsl2-2.0.0-1.el9.x86_64.rpm         87 kB/s |  33 kB     00:00    
(35/313): libnetfilter_conntrack-1.0.9-1.el9.x8 151 kB/s |  61 kB     00:00    
(36/313): perl-constant-1.33-461.el9.noarch.rpm  77 kB/s |  25 kB     00:00    
(37/313): perl-Pod-Perldoc-3.28.01-461.el9.noar 189 kB/s |  92 kB     00:00    
(38/313): iptables-nft-1.8.10-11.el9_5.x86_64.r 603 kB/s | 209 kB     00:00    
(39/313): ipset-libs-7.11-11.el9_5.x86_64.rpm   163 kB/s |  71 kB     00:00    
(40/313): libX11-1.7.0-11.el9.x86_64.rpm        1.7 MB/s | 648 kB     00:00    
(41/313): jansson-2.14-1.el9.x86_64.rpm         146 kB/s |  48 kB     00:00    
(42/313): libX11-common-1.7.0-11.el9.noarch.rpm 441 kB/s | 209 kB     00:00    
(43/313): libstdc++-11.5.0-5.el9_5.x86_64.rpm   1.5 MB/s | 742 kB     00:00    
(44/313): libyaml-0.2.5-7.el9.x86_64.rpm        181 kB/s |  63 kB     00:00    
(45/313): net-snmp-libs-5.9.1-17.el9.x86_64.rpm 2.2 MB/s | 760 kB     00:00    
(46/313): grep-3.6-5.el9.x86_64.rpm             570 kB/s | 273 kB     00:00    
(47/313): redhat-logos-httpd-90.5-1.el9_6.1.noa  47 kB/s |  16 kB     00:00    
(48/313): perl-Carp-1.50-460.el9.noarch.rpm      90 kB/s |  31 kB     00:00    
(49/313): iptables-libs-1.8.10-11.el9_5.x86_64. 746 kB/s | 466 kB     00:00    
(50/313): perl-Encode-3.08-462.el9.x86_64.rpm   3.9 MB/s | 1.7 MB     00:00    
(51/313): python3-policycoreutils-3.6-2.1.el9.n 5.2 MB/s | 2.1 MB     00:00    
(52/313): perl-Mozilla-CA-20200520-6.el9.noarch  29 kB/s |  14 kB     00:00    
(53/313): libwebp-1.2.0-8.el9_3.x86_64.rpm      724 kB/s | 282 kB     00:00    
(54/313): python3.11-pip-22.3.1-5.el9.noarch.rp 6.9 MB/s | 3.2 MB     00:00    
(55/313): python3-ply-3.11-14.el9.noarch.rpm    300 kB/s | 111 kB     00:00    
(56/313): python3-setuptools-53.0.0-13.el9_6.1. 2.3 MB/s | 943 kB     00:00    
(57/313): perl-IO-Socket-IP-0.41-5.el9.noarch.r  88 kB/s |  45 kB     00:00    
(58/313): gobject-introspection-1.68.0-11.el9.x 607 kB/s | 254 kB     00:00    
(59/313): perl-Term-ANSIColor-5.01-461.el9.noar 157 kB/s |  51 kB     00:00    
(60/313): python3-setuptools-wheel-53.0.0-13.el 1.2 MB/s | 468 kB     00:00    
(61/313): ipset-7.11-11.el9_5.x86_64.rpm        135 kB/s |  45 kB     00:00    
(62/313): libedit-3.1-38.20210216cvs.el9.x86_64 307 kB/s | 107 kB     00:00    
(63/313): perl-Pod-Usage-2.01-4.el9.noarch.rpm  123 kB/s |  43 kB     00:00    
(64/313): libfido2-1.13.0-2.el9.x86_64.rpm      241 kB/s | 100 kB     00:00    
(65/313): policycoreutils-python-utils-3.6-2.1. 228 kB/s |  81 kB     00:00    
(66/313): kmod-libs-28-10.el9.x86_64.rpm        192 kB/s |  65 kB     00:00    
(67/313): mpdecimal-2.5.1-3.el9.x86_64.rpm      267 kB/s |  88 kB     00:00    
(68/313): python3-packaging-20.9-5.el9.noarch.r 242 kB/s |  81 kB     00:00    
(69/313): python3-audit-3.1.5-4.el9.x86_64.rpm  219 kB/s |  86 kB     00:00    
(70/313): libpwquality-1.4.4-8.el9.x86_64.rpm   371 kB/s | 123 kB     00:00    
(71/313): python3-libselinux-3.6-3.el9.x86_64.r 539 kB/s | 192 kB     00:00    
(72/313): libeconf-0.4.1-4.el9.x86_64.rpm        65 kB/s |  30 kB     00:00    
(73/313): libacl-2.3.1-4.el9.x86_64.rpm          75 kB/s |  24 kB     00:00    
(74/313): python3-libsemanage-3.6-5.el9_6.x86_6 228 kB/s |  81 kB     00:00    
(75/313): libsigsegv-2.13-4.el9.x86_64.rpm       84 kB/s |  30 kB     00:00    
(76/313): libgcrypt-1.10.0-11.el9.x86_64.rpm    1.4 MB/s | 510 kB     00:00    
(77/313): libbrotli-1.0.9-7.el9_5.x86_64.rpm    927 kB/s | 316 kB     00:00    
(78/313): libmnl-1.0.4-16.el9_4.x86_64.rpm       91 kB/s |  30 kB     00:00    
(79/313): perl-Net-SSLeay-1.94-1.el9.x86_64.rpm 1.1 MB/s | 418 kB     00:00    
(80/313): sqlite-libs-3.34.1-8.el9_6.x86_64.rpm 1.5 MB/s | 618 kB     00:00    
(81/313): libicu-67.1-10.el9_6.x86_64.rpm        15 MB/s | 9.6 MB     00:00    
(82/313): perl-Digest-1.19-4.el9.noarch.rpm      78 kB/s |  29 kB     00:00    
(83/313): libnftnl-1.2.6-4.el9_4.x86_64.rpm     273 kB/s |  89 kB     00:00    
(84/313): libevent-2.1.12-8.el9_4.x86_64.rpm    803 kB/s | 266 kB     00:00    
(85/313): alternatives-1.24-2.el9.x86_64.rpm    123 kB/s |  42 kB     00:00    
(86/313): libpsl-0.21.1-5.el9.x86_64.rpm        180 kB/s |  66 kB     00:00    
(87/313): audit-libs-3.1.5-4.el9.x86_64.rpm     384 kB/s | 125 kB     00:00    
(88/313): perl-MIME-Base64-3.16-4.el9.x86_64.rp 105 kB/s |  34 kB     00:00    
(89/313): unixODBC-2.3.9-4.el9.x86_64.rpm       1.4 MB/s | 495 kB     00:00    
(90/313): perl-Socket-2.031-4.el9.x86_64.rpm    175 kB/s |  58 kB     00:00    
(91/313): coreutils-8.32-39.el9.x86_64.rpm      3.0 MB/s | 1.2 MB     00:00    
(92/313): coreutils-common-8.32-39.el9.x86_64.r 4.9 MB/s | 2.0 MB     00:00    
(93/313): crypto-policies-20250128-1.git5269e22 269 kB/s |  90 kB     00:00    
(94/313): lz4-libs-1.9.3-5.el9.x86_64.rpm       190 kB/s |  69 kB     00:00    
(95/313): libxcrypt-4.4.18-3.el9.x86_64.rpm     354 kB/s | 120 kB     00:00    
(96/313): openssl-3.2.2-6.el9_5.1.x86_64.rpm    3.4 MB/s | 1.4 MB     00:00    
(97/313): python3-distro-1.5.0-7.el9.noarch.rpm 124 kB/s |  40 kB     00:00    
(98/313): pcre2-syntax-10.40-6.el9.noarch.rpm   434 kB/s | 144 kB     00:00    
(99/313): policycoreutils-3.6-2.1.el9.x86_64.rp 727 kB/s | 246 kB     00:00    
(100/313): python3-cffi-1.14.5-5.el9.x86_64.rpm 660 kB/s | 257 kB     00:00    
(101/313): python3-gobject-base-noarch-3.40.1-6 499 kB/s | 165 kB     00:00    
(102/313): perl-Scalar-List-Utils-1.56-462.el9. 208 kB/s |  75 kB     00:00    
(103/313): python3-pyyaml-5.4.1-6.el9.x86_64.rp 630 kB/s | 209 kB     00:00    
(104/313): perl-podlators-4.14-460.el9.noarch.r 266 kB/s | 118 kB     00:00    
(105/313): popt-1.18-8.el9.x86_64.rpm           208 kB/s |  69 kB     00:00    
(106/313): publicsuffix-list-dafsa-20210518-3.e 180 kB/s |  59 kB     00:00    
(107/313): python3-dbus-1.2.18-2.el9.x86_64.rpm 455 kB/s | 148 kB     00:00    
(108/313): perl-libnet-3.13-4.el9.noarch.rpm    369 kB/s | 134 kB     00:00    
(109/313): python3-gobject-base-3.40.1-6.el9.x8 552 kB/s | 187 kB     00:00    
(110/313): openssl-fips-provider-3.0.7-6.el9_5.  29 kB/s | 9.4 kB     00:00    
(111/313): openssl-fips-provider-so-3.0.7-6.el9 1.7 MB/s | 577 kB     00:00    
(112/313): p11-kit-0.25.3-3.el9_5.x86_64.rpm    1.5 MB/s | 536 kB     00:00    
(113/313): python3-setools-4.4.4-1.el9.x86_64.r 1.7 MB/s | 609 kB     00:00    
(114/313): perl-Getopt-Long-2.52-4.el9.noarch.r 180 kB/s |  64 kB     00:00    
(115/313): perl-Data-Dumper-2.174-462.el9.x86_6 181 kB/s |  59 kB     00:00    
(116/313): python3-pycparser-2.20-6.el9.noarch. 395 kB/s | 139 kB     00:00    
(117/313): python3-six-1.15.0-9.el9.noarch.rpm  101 kB/s |  40 kB     00:00    
(118/313): curl-7.76.1-31.el9_6.1.x86_64.rpm    857 kB/s | 294 kB     00:00    
(119/313): git-core-2.47.3-1.el9_6.x86_64.rpm   7.6 MB/s | 4.7 MB     00:00    
(120/313): python3-pyparsing-2.4.7-9.el9.noarch 465 kB/s | 154 kB     00:00    
(121/313): libcurl-7.76.1-31.el9_6.1.x86_64.rpm 653 kB/s | 284 kB     00:00    
(122/313): httpd-2.4.62-4.el9_6.4.x86_64.rpm    130 kB/s |  46 kB     00:00    
(123/313): ncurses-base-6.2-10.20210508.el9_6.2 287 kB/s |  96 kB     00:00    
(124/313): httpd-filesystem-2.4.62-4.el9_6.4.no  33 kB/s |  11 kB     00:00    
(125/313): ncurses-libs-6.2-10.20210508.el9_6.2 994 kB/s | 329 kB     00:00    
(126/313): ncurses-6.2-10.20210508.el9_6.2.x86_ 1.1 MB/s | 406 kB     00:00    
(127/313): httpd-core-2.4.62-4.el9_6.4.x86_64.r 4.3 MB/s | 1.5 MB     00:00    
(128/313): httpd-tools-2.4.62-4.el9_6.4.x86_64. 196 kB/s |  80 kB     00:00    
(129/313): libxml2-2.9.13-12.el9_6.x86_64.rpm   1.8 MB/s | 747 kB     00:00    
(130/313): libXau-1.0.9-8.el9.x86_64.rpm         90 kB/s |  34 kB     00:00    
(131/313): apr-util-bdb-1.6.1-23.el9.x86_64.rpm  44 kB/s |  14 kB     00:00    
(132/313): gawk-all-langpacks-5.1.0-6.el9.x86_6 491 kB/s | 211 kB     00:00    
(133/313): tzdata-2025b-1.el9.noarch.rpm        2.2 MB/s | 842 kB     00:00    
(134/313): libarchive-3.5.3-6.el9_6.x86_64.rpm  1.1 MB/s | 387 kB     00:00    
(135/313): bash-5.1.8-9.el9.x86_64.rpm          4.6 MB/s | 1.7 MB     00:00    
(136/313): xz-libs-5.2.5-8.el9_0.x86_64.rpm     212 kB/s |  94 kB     00:00    
(137/313): zlib-1.2.11-40.el9.x86_64.rpm        284 kB/s |  93 kB     00:00    
(138/313): sed-4.8-9.el9.x86_64.rpm             929 kB/s | 309 kB     00:00    
(139/313): bzip2-libs-1.0.8-10.el9_5.x86_64.rpm 114 kB/s |  42 kB     00:00    
(140/313): python3-3.9.21-2.el9_6.2.x86_64.rpm   74 kB/s |  26 kB     00:00    
(141/313): pam-1.5.1-26.el9_6.x86_64.rpm        1.3 MB/s | 622 kB     00:00    
(142/313): libblkid-2.37.4-21.el9.x86_64.rpm    326 kB/s | 109 kB     00:00    
(143/313): python3-libs-3.9.21-2.el9_6.2.x86_64  10 MB/s | 8.1 MB     00:00    
(144/313): libcom_err-1.46.5-7.el9.x86_64.rpm    86 kB/s |  28 kB     00:00    
(145/313): libfdisk-2.37.4-21.el9.x86_64.rpm    411 kB/s | 156 kB     00:00    
(146/313): fonts-filesystem-2.0.5-7.el9.1.noarc  32 kB/s |  11 kB     00:00    
(147/313): gawk-5.1.0-6.el9.x86_64.rpm          2.7 MB/s | 1.0 MB     00:00    
(148/313): libmount-2.37.4-21.el9.x86_64.rpm    389 kB/s | 136 kB     00:00    
(149/313): diffutils-3.7-12.el9.x86_64.rpm      884 kB/s | 402 kB     00:00    
(150/313): libselinux-3.6-3.el9.x86_64.rpm      250 kB/s |  88 kB     00:00    
(151/313): libselinux-utils-3.6-3.el9.x86_64.rp 583 kB/s | 194 kB     00:00    
(152/313): libsemanage-3.6-5.el9_6.x86_64.rpm   368 kB/s | 121 kB     00:00    
(153/313): libsmartcols-2.37.4-21.el9.x86_64.rp 196 kB/s |  65 kB     00:00    
(154/313): libsepol-3.6-2.el9.x86_64.rpm        856 kB/s | 331 kB     00:00    
(155/313): libtasn1-4.16.0-9.el9.x86_64.rpm     234 kB/s |  77 kB     00:00    
(156/313): libtool-ltdl-2.4.6-46.el9.x86_64.rpm 114 kB/s |  37 kB     00:00    
(157/313): dbus-broker-28-7.el9.x86_64.rpm      490 kB/s | 175 kB     00:00    
(158/313): python3-cryptography-36.0.1-5.el9_6. 3.6 MB/s | 1.2 MB     00:00    
(159/313): libuuid-2.37.4-21.el9.x86_64.rpm      38 kB/s |  30 kB     00:00    
(160/313): libzstd-1.5.5-1.el9.x86_64.rpm       879 kB/s | 297 kB     00:00    
(161/313): logrotate-3.18.0-9.el9.x86_64.rpm    209 kB/s |  79 kB     00:00    
(162/313): nettle-3.10.1-1.el9.x86_64.rpm       1.5 MB/s | 568 kB     00:00    
(163/313): mod_http2-2.0.26-4.el9_6.1.x86_64.rp 470 kB/s | 163 kB     00:00    
(164/313): mod_lua-2.4.62-4.el9_6.4.x86_64.rpm  178 kB/s |  58 kB     00:00    
(165/313): openldap-2.6.8-4.el9.x86_64.rpm      766 kB/s | 290 kB     00:00    
(166/313): filesystem-3.16-5.el9.x86_64.rpm     9.9 MB/s | 4.8 MB     00:00    
(167/313): openssh-8.7p1-45.el9.x86_64.rpm      1.3 MB/s | 463 kB     00:00    
(168/313): openssh-clients-8.7p1-45.el9.x86_64. 2.0 MB/s | 719 kB     00:00    
(169/313): gnutls-3.8.3-6.el9_6.2.x86_64.rpm    3.2 MB/s | 1.1 MB     00:00    
(170/313): gdbm-libs-1.23-1.el9.x86_64.rpm      157 kB/s |  59 kB     00:00    
(171/313): libjpeg-turbo-2.0.90-7.el9.x86_64.rp 512 kB/s | 178 kB     00:00    
(172/313): checkpolicy-3.6-1.el9.x86_64.rpm     1.1 MB/s | 357 kB     00:00    
(173/313): redhat-release-9.6-0.1.el9.x86_64.rp 134 kB/s |  44 kB     00:00    
(174/313): redhat-release-eula-9.6-0.1.el9.x86_  32 kB/s |  12 kB     00:00    
(175/313): rpm-4.16.1.3-37.el9.x86_64.rpm       1.6 MB/s | 540 kB     00:00    
(176/313): rpm-libs-4.16.1.3-37.el9.x86_64.rpm  919 kB/s | 310 kB     00:00    
(177/313): libssh-0.10.4-15.el9_6.x86_64.rpm    605 kB/s | 214 kB     00:00    
(178/313): libssh-config-0.10.4-15.el9_6.noarch  24 kB/s | 7.8 kB     00:00    
(179/313): perl-AutoLoader-5.74-481.1.el9_6.noa  55 kB/s |  21 kB     00:00    
(180/313): perl-B-1.80-481.1.el9_6.x86_64.rpm   456 kB/s | 180 kB     00:00    
(181/313): perl-Class-Struct-0.66-481.1.el9_6.n  66 kB/s |  22 kB     00:00    
(182/313): shadow-utils-4.9-12.el9.x86_64.rpm   3.0 MB/s | 1.2 MB     00:00    
(183/313): perl-Fcntl-1.13-481.1.el9_6.x86_64.r  61 kB/s |  20 kB     00:00    
(184/313): perl-Errno-1.30-481.1.el9_6.x86_64.r  35 kB/s |  15 kB     00:00    
(185/313): perl-File-Basename-2.85-481.1.el9_6.  43 kB/s |  17 kB     00:00    
(186/313): perl-FileHandle-2.03-481.1.el9_6.noa  47 kB/s |  15 kB     00:00    
(187/313): perl-File-stat-1.09-481.1.el9_6.noar  42 kB/s |  17 kB     00:00    
(188/313): perl-Getopt-Std-1.12-481.1.el9_6.noa  45 kB/s |  15 kB     00:00    
(189/313): perl-IO-1.43-481.1.el9_6.x86_64.rpm  256 kB/s |  88 kB     00:00    
(190/313): perl-IPC-Open3-1.21-481.1.el9_6.noar  65 kB/s |  22 kB     00:00    
(191/313): perl-NDBM_File-1.15-481.1.el9_6.x86_  65 kB/s |  22 kB     00:00    
(192/313): perl-SelectSaver-1.02-481.1.el9_6.no  32 kB/s |  11 kB     00:00    
(193/313): perl-POSIX-1.94-481.1.el9_6.x86_64.r 259 kB/s |  96 kB     00:00    
(194/313): perl-Symbol-1.08-481.1.el9_6.noarch.  42 kB/s |  14 kB     00:00    
(195/313): util-linux-2.37.4-21.el9.x86_64.rpm  6.2 MB/s | 2.3 MB     00:00    
(196/313): util-linux-core-2.37.4-21.el9.x86_64 1.2 MB/s | 469 kB     00:00    
(197/313): perl-base-2.27-481.1.el9_6.noarch.rp  48 kB/s |  16 kB     00:00    
(198/313): firewalld-filesystem-1.3.4-15.el9_6.  31 kB/s |  10 kB     00:00    
(199/313): firewalld-1.3.4-15.el9_6.noarch.rpm  1.5 MB/s | 536 kB     00:00    
(200/313): perl-if-0.60.800-481.1.el9_6.noarch.  40 kB/s |  14 kB     00:00    
(201/313): perl-libs-5.32.1-481.1.el9_6.x86_64. 6.0 MB/s | 2.2 MB     00:00    
(202/313): perl-interpreter-5.32.1-481.1.el9_6. 180 kB/s |  70 kB     00:00    
(203/313): perl-mro-1.23-481.1.el9_6.x86_64.rpm  86 kB/s |  28 kB     00:00    
(204/313): nftables-1.0.9-4.el9_6.x86_64.rpm    1.2 MB/s | 420 kB     00:00    
(205/313): perl-overload-1.31-481.1.el9_6.noarc 134 kB/s |  45 kB     00:00    
(206/313): perl-overloading-0.02-481.1.el9_6.no  36 kB/s |  12 kB     00:00    
(207/313): python3-firewall-1.3.4-15.el9_6.noar 1.1 MB/s | 394 kB     00:00    
(208/313): python3-nftables-1.0.9-4.el9_6.x86_6  57 kB/s |  19 kB     00:00    
(209/313): perl-subs-1.03-481.1.el9_6.noarch.rp  33 kB/s |  11 kB     00:00    
(210/313): nginx-1.24.0-4.module+el9.5.0+22954+ 115 kB/s |  37 kB     00:00    
(211/313): perl-vars-1.05-481.1.el9_6.noarch.rp  30 kB/s |  13 kB     00:00    
(212/313): glib2-2.68.4-16.el9_6.3.x86_64.rpm   5.8 MB/s | 2.6 MB     00:00    
(213/313): postgresql-16.10-1.module+el9.6.0+23 4.7 MB/s | 1.9 MB     00:00    
(214/313): systemd-pam-252-51.el9_6.3.x86_64.rp 805 kB/s | 274 kB     00:00    
(215/313): postgresql-contrib-16.10-1.module+el 2.3 MB/s | 1.0 MB     00:00    
(216/313): systemd-libs-252-51.el9_6.3.x86_64.r 1.9 MB/s | 671 kB     00:00    
(217/313): nginx-core-1.24.0-4.module+el9.5.0+2 1.5 MB/s | 586 kB     00:00    
(218/313): nginx-filesystem-1.24.0-4.module+el9  28 kB/s |  11 kB     00:00    
(219/313): libxcb-1.13.1-9.el9.x86_64.rpm       719 kB/s | 247 kB     00:00    
(220/313): systemd-252-51.el9_6.3.x86_64.rpm    8.5 MB/s | 4.2 MB     00:00    
(221/313): postgresql-private-libs-16.10-1.modu 410 kB/s | 143 kB     00:00    
(222/313): systemd-rpm-macros-252-51.el9_6.3.no 190 kB/s |  62 kB     00:00    
(223/313): postgresql-server-16.10-1.module+el9  12 MB/s | 7.0 MB     00:00    
(224/313): python-unversioned-command-3.9.21-2.  24 kB/s | 8.9 kB     00:00    
(225/313): groff-base-1.22.4-10.el9.x86_64.rpm  2.6 MB/s | 1.1 MB     00:00    
(226/313): glibc-common-2.34-168.el9_6.24.x86_6 890 kB/s | 302 kB     00:00    
(227/313): glibc-2.34-168.el9_6.24.x86_64.rpm   4.6 MB/s | 2.0 MB     00:00    
(228/313): glibc-gconv-extra-2.34-168.el9_6.24. 4.6 MB/s | 1.7 MB     00:00    
(229/313): gmp-6.2.0-13.el9.x86_64.rpm          921 kB/s | 319 kB     00:00    
(230/313): libcap-ng-python3-0.8.2-7.el9.x86_64  72 kB/s |  32 kB     00:00    
(231/313): harfbuzz-2.7.4-10.el9.x86_64.rpm     1.8 MB/s | 629 kB     00:00    
(232/313): python3.11-3.11.11-2.el9_6.2.x86_64.  72 kB/s |  25 kB     00:00    
(233/313): python3.11-setuptools-65.5.1-4.el9_6 4.0 MB/s | 1.7 MB     00:00    
(234/313): python3.11-setuptools-wheel-65.5.1-4 2.0 MB/s | 712 kB     00:00    
(235/313): perl-IO-Socket-SSL-2.073-2.el9.noarc 639 kB/s | 221 kB     00:00    
(236/313): graphite2-1.3.14-9.el9.x86_64.rpm    294 kB/s |  98 kB     00:00    
(237/313): python3.11-libs-3.11.11-2.el9_6.2.x8 7.8 MB/s |  10 MB     00:01    
(238/313): perl-Pod-Escapes-1.07-460.el9.noarch  68 kB/s |  22 kB     00:00    
(239/313): keyutils-libs-1.6.3-1.el9.x86_64.rpm 102 kB/s |  34 kB     00:00    
(240/313): perl-Digest-MD5-2.58-4.el9.x86_64.rp 114 kB/s |  39 kB     00:00    
(241/313): perl-HTTP-Tiny-0.076-462.el9.noarch. 159 kB/s |  57 kB     00:00    
(242/313): libcap-ng-0.8.2-7.el9.x86_64.rpm     111 kB/s |  36 kB     00:00    
(243/313): perl-Exporter-5.74-461.el9.noarch.rp 103 kB/s |  34 kB     00:00    
(244/313): perl-File-Temp-0.231.100-4.el9.noarc 181 kB/s |  63 kB     00:00    
(245/313): glibc-minimal-langpack-2.34-168.el9_  52 kB/s |  17 kB     00:00    
(246/313): perl-Text-Tabs+Wrap-2013.0523-460.el  77 kB/s |  25 kB     00:00    
(247/313): ca-certificates-2025.2.80_v9.0.305-9 2.6 MB/s | 1.0 MB     00:00    
(248/313): perl-parent-0.238-460.el9.noarch.rpm  38 kB/s |  16 kB     00:00    
(249/313): libattr-2.5.1-3.el9.x86_64.rpm        60 kB/s |  20 kB     00:00    
(250/313): libnfnetlink-1.0.1-23.el9_5.x86_64.r  93 kB/s |  31 kB     00:00    
(251/313): libpq-13.20-1.el9_5.x86_64.rpm       644 kB/s | 213 kB     00:00    
(252/313): libgpg-error-1.42-5.el9.x86_64.rpm   551 kB/s | 220 kB     00:00    
(253/313): python3.11-wheel-0.38.4-3.el9.noarch 324 kB/s | 109 kB     00:00    
(254/313): expat-2.5.0-5.el9_6.x86_64.rpm       363 kB/s | 119 kB     00:00    
(255/313): zabbix-agent2-7.0.30-release1.el9.x8 1.9 MB/s | 6.4 MB     00:03    
(256/313): libnghttp2-1.43.0-6.el9.x86_64.rpm   226 kB/s |  75 kB     00:00    
(257/313): libseccomp-2.5.2-2.el9.x86_64.rpm    228 kB/s |  74 kB     00:00    
(258/313): libffi-3.4.2-8.el9.x86_64.rpm        120 kB/s |  40 kB     00:00    
(259/313): zabbix-get-7.0.30-release1.el9.x86_6 1.5 MB/s | 437 kB     00:00    
(260/313): sshpass-1.09-4.el9.x86_64.rpm         82 kB/s |  30 kB     00:00    
(261/313): lua-libs-5.4.4-4.el9.x86_64.rpm      343 kB/s | 132 kB     00:00    
(262/313): libunistring-0.9.10-15.el9.x86_64.rp 1.2 MB/s | 499 kB     00:00    
(263/313): mpfr-4.1.0-7.el9.x86_64.rpm          976 kB/s | 329 kB     00:00    
(264/313): libcbor-0.7.0-5.el9.x86_64.rpm       183 kB/s |  59 kB     00:00    
(265/313): libcap-2.48-9.el9_2.x86_64.rpm       187 kB/s |  74 kB     00:00    
(266/313): libpng-1.6.37-12.el9.x86_64.rpm      326 kB/s | 119 kB     00:00    
(267/313): python3-resolvelib-0.5.4-5.el9.noarc 118 kB/s |  38 kB     00:00    
(268/313): mailcap-2.1.49-5.el9.noarch.rpm      100 kB/s |  35 kB     00:00    
(269/313): libgcc-11.5.0-5.el9_5.x86_64.rpm     261 kB/s |  88 kB     00:00    
(270/313): p11-kit-trust-0.25.3-3.el9_5.x86_64. 439 kB/s | 144 kB     00:00    
(271/313): python3.11-pip-wheel-22.3.1-5.el9.no 3.5 MB/s | 1.4 MB     00:00    
(272/313): pcre-8.44-4.el9.x86_64.rpm           492 kB/s | 200 kB     00:00    
(273/313): ansible-core-2.14.18-1.el9.x86_64.rp 6.6 MB/s | 2.6 MB     00:00    
(274/313): libidn2-2.3.0-7.el9.x86_64.rpm       233 kB/s | 105 kB     00:00    
(275/313): xml-common-0.6.3-58.el9.noarch.rpm   106 kB/s |  36 kB     00:00    
(276/313): libtirpc-1.3.3-9.el9.x86_64.rpm      251 kB/s |  97 kB     00:00    
(277/313): libutempter-1.2.1-6.el9.x86_64.rpm    91 kB/s |  30 kB     00:00    
(278/313): perl-Pod-Simple-3.42-4.el9.noarch.rp 633 kB/s | 229 kB     00:00    
(279/313): perl-Term-Cap-1.17-460.el9.noarch.rp  76 kB/s |  24 kB     00:00    
(280/313): zabbix-nginx-conf-7.0.30-release1.el  53 kB/s |  13 kB     00:00    
(281/313): perl-Time-Local-1.300-7.el9.noarch.r 109 kB/s |  37 kB     00:00    
(282/313): libverto-0.3.2-3.el9.x86_64.rpm       74 kB/s |  24 kB     00:00    
(283/313): oniguruma-6.9.6-1.el9.6.x86_64.rpm   551 kB/s | 221 kB     00:00    
(284/313): perl-PathTools-3.78-461.el9.x86_64.r 242 kB/s |  92 kB     00:00    
(285/313): perl-Text-ParseWords-3.30-460.el9.no  55 kB/s |  18 kB     00:00    
(286/313): perl-URI-5.09-3.el9.noarch.rpm       367 kB/s | 125 kB     00:00    
(287/313): openssl-libs-3.2.2-6.el9_5.1.x86_64. 5.1 MB/s | 2.1 MB     00:00    
(288/313): zabbix-proxy-pgsql-7.0.30-release1.e 5.4 MB/s | 1.9 MB     00:00    
(289/313): pcre2-10.40-6.el9.x86_64.rpm         571 kB/s | 236 kB     00:00    
(290/313): python3-pip-wheel-21.3.1-1.el9.noarc 2.4 MB/s | 1.1 MB     00:00    
(291/313): zabbix-proxy-sqlite3-7.0.30-release1 5.0 MB/s | 1.7 MB     00:00    
(292/313): apr-util-openssl-1.6.1-23.el9.x86_64  39 kB/s |  17 kB     00:00    
(293/313): setup-2.13.7-10.el9.noarch.rpm       429 kB/s | 150 kB     00:00    
(294/313): readline-8.1-4.el9.x86_64.rpm        601 kB/s | 215 kB     00:00    
(295/313): zabbix-selinux-policy-7.0.30-release 1.1 MB/s | 313 kB     00:00    
(296/313): perl-Storable-3.21-460.el9.x86_64.rp 244 kB/s |  98 kB     00:00    
(297/313): fontconfig-2.14.0-2.el9_1.x86_64.rpm 823 kB/s | 301 kB     00:00    
(298/313): zabbix-sender-7.0.30-release1.el9.x8 1.6 MB/s | 456 kB     00:00    
(299/313): libtiff-4.4.0-13.el9_6.2.x86_64.rpm  540 kB/s | 196 kB     00:00    
(300/313): cracklib-2.9.6-27.el9.x86_64.rpm     288 kB/s |  99 kB     00:00    
(301/313): findutils-4.8.0-7.el9.x86_64.rpm     1.6 MB/s | 550 kB     00:00    
(302/313): zabbix-server-pgsql-7.0.30-release1. 4.4 MB/s | 2.4 MB     00:00    
(303/313): cyrus-sasl-lib-2.1.27-21.el9.x86_64. 1.9 MB/s | 774 kB     00:00    
(304/313): cracklib-dicts-2.9.6-27.el9.x86_64.r 6.4 MB/s | 3.6 MB     00:00    
(305/313): basesystem-11-13.el9.noarch.rpm       25 kB/s | 8.0 kB     00:00    
(306/313): apr-util-1.6.1-23.el9.x86_64.rpm     281 kB/s |  97 kB     00:00    
(307/313): uuid-1.6.2-55.el9.x86_64.rpm         184 kB/s |  62 kB     00:00    
(308/313): zabbix-sql-scripts-7.0.30-release1.e 5.9 MB/s | 8.0 MB     00:01    
(309/313): dbus-1.12.20-8.el9.x86_64.rpm         23 kB/s | 7.9 kB     00:00    
(310/313): libxslt-1.1.34-13.el9_6.x86_64.rpm   683 kB/s | 245 kB     00:00    
(311/313): acl-2.3.1-4.el9.x86_64.rpm           219 kB/s |  75 kB     00:00    
(312/313): zabbix-web-7.0.30-release1.el9.noarc 4.6 MB/s | 8.5 MB     00:01    
(313/313): zabbix-web-deps-7.0.30-release1.el9.  12 kB/s |  13 kB     00:01    
warning: /home/jaber/zabbix-platform-m1-91947c3/build/out/m1-accepted-build2/work/downloaded/fping-5.1-1.el9.x86_64.rpm: Header V4 RSA/SHA512 Signature, key ID 08efa7dd: NOKEY
warning: /home/jaber/zabbix-platform-m1-91947c3/build/out/m1-accepted-build2/work/downloaded/zabbix-agent2-7.0.30-release1.el9.x86_64.rpm: Header V4 RSA/SHA512 Signature, key ID b5333005: NOKEY
warning: /home/jaber/zabbix-platform-m1-91947c3/build/out/m1-accepted-build2/work/downloaded/zabbix-get-7.0.30-release1.el9.x86_64.rpm: Header V4 RSA/SHA512 Signature, key ID b5333005: NOKEY
warning: /home/jaber/zabbix-platform-m1-91947c3/build/out/m1-accepted-build2/work/downloaded/zabbix-nginx-conf-7.0.30-release1.el9.noarch.rpm: Header V4 RSA/SHA512 Signature, key ID b5333005: NOKEY
warning: /home/jaber/zabbix-platform-m1-91947c3/build/out/m1-accepted-build2/work/downloaded/zabbix-proxy-pgsql-7.0.30-release1.el9.x86_64.rpm: Header V4 RSA/SHA512 Signature, key ID b5333005: NOKEY
warning: /home/jaber/zabbix-platform-m1-91947c3/build/out/m1-accepted-build2/work/downloaded/zabbix-proxy-sqlite3-7.0.30-release1.el9.x86_64.rpm: Header V4 RSA/SHA512 Signature, key ID b5333005: NOKEY
warning: /home/jaber/zabbix-platform-m1-91947c3/build/out/m1-accepted-build2/work/downloaded/zabbix-selinux-policy-7.0.30-release1.el9.x86_64.rpm: Header V4 RSA/SHA512 Signature, key ID b5333005: NOKEY
warning: /home/jaber/zabbix-platform-m1-91947c3/build/out/m1-accepted-build2/work/downloaded/zabbix-sender-7.0.30-release1.el9.x86_64.rpm: Header V4 RSA/SHA512 Signature, key ID b5333005: NOKEY
warning: /home/jaber/zabbix-platform-m1-91947c3/build/out/m1-accepted-build2/work/downloaded/zabbix-server-pgsql-7.0.30-release1.el9.x86_64.rpm: Header V4 RSA/SHA512 Signature, key ID b5333005: NOKEY
warning: /home/jaber/zabbix-platform-m1-91947c3/build/out/m1-accepted-build2/work/downloaded/zabbix-sql-scripts-7.0.30-release1.el9.noarch.rpm: Header V4 RSA/SHA512 Signature, key ID b5333005: NOKEY
warning: /home/jaber/zabbix-platform-m1-91947c3/build/out/m1-accepted-build2/work/downloaded/zabbix-web-7.0.30-release1.el9.noarch.rpm: Header V4 RSA/SHA512 Signature, key ID b5333005: NOKEY
warning: /home/jaber/zabbix-platform-m1-91947c3/build/out/m1-accepted-build2/work/downloaded/zabbix-web-deps-7.0.30-release1.el9.noarch.rpm: Header V4 RSA/SHA512 Signature, key ID b5333005: NOKEY
warning: /home/jaber/zabbix-platform-m1-91947c3/build/out/m1-accepted-build2/work/downloaded/zabbix-web-pgsql-7.0.30-release1.el9.noarch.rpm: Header V4 RSA/SHA512 Signature, key ID b5333005: NOKEY
warning: /home/jaber/zabbix-platform-m1-91947c3/build/out/m1-accepted-build2/work/downloaded/zabbix-web-service-7.0.30-release1.el9.x86_64.rpm: Header V4 RSA/SHA512 Signature, key ID b5333005: NOKEY
selected_documents=13
postgresql:16=7
php:8.3=2
nginx:1.24=4
Directory walk started
Directory walk done - 313 packages
Temporary output repo path: /home/jaber/zabbix-platform-m1-91947c3/build/out/m1-accepted-build2/repository/.repodata/
Preparing sqlite DBs
Pool started (with 5 workers)
Pool finished
warning: /home/jaber/zabbix-platform-m1-91947c3/build/out/m1-accepted-build2/repository/rpm/zabbix-sql-scripts-7.0.30-release1.el9.noarch.rpm: Header V4 RSA/SHA512 Signature, key ID b5333005: NOKEY
[2026-09-01T00:42:43Z] testing repository with local content only
PYTHON_ABI=3.11
DEPENDENCY_COUNT=0
RESULT=PASS_EMPTY_REQUIREMENTS
PASS: release top-level allow-list
PASS: artifact file hygiene
PASS: secret-pattern scan
PASS: runtime lab-leakage scan
PASS: manifest bidirectional coverage
PASS: release SHA256SUMS
PASS: RPM lock and manifest
PASS: repository and modular metadata present
RESULT=PASS
RUN_ID=m1-accepted-build2
RPM_COUNT=313
WHEEL_COUNT=0
PRE_HOST_RPM_SHA256=458f0c828fa380a0f444364ce83ff996fbad57b89201b7acb9210025f732cf64
POST_HOST_RPM_SHA256=458f0c828fa380a0f444364ce83ff996fbad57b89201b7acb9210025f732cf64
PRE_HOST_MODULE_SHA256=9ca84f282a92fea4083f0f467f9f86ce564e92769cb8c24a90bb84ecbffad083
POST_HOST_MODULE_SHA256=9ca84f282a92fea4083f0f467f9f86ce564e92769cb8c24a90bb84ecbffad083
ARTIFACT=zabbix-rhel96-offline-1.0.0-build1.tar.gz
ARTIFACT_SHA256=dbcd9a1185a21f1bc44bff356f06088ac63d77a5bb8fe539ad573280d9cef42b
ARTIFACT_BYTES=178093296
RESULT=PASS
