[2026-08-31T23:17:19Z] run=m1-run1 output=/home/jaber/zabbix-platform-m1-src/build/out/m1-run1 clean_root=/var/lib/zabbix-offline-build/m1-m1-run1-4772/source-root
[2026-08-31T23:17:19Z] pre_host_rpm_hash=458f0c828fa380a0f444364ce83ff996fbad57b89201b7acb9210025f732cf64 pre_host_module_hash=9ca84f282a92fea4083f0f467f9f86ce564e92769cb8c24a90bb84ecbffad083
gpg: /home/jaber/.gnupg/trustdb.gpg: trustdb created
[2026-08-31T23:17:24Z] refreshing metadata in empty source installroot
Updating Subscription Management repositories.
Unable to read consumer identity

This system is not registered with an entitlement server. You can use "rhc" or "subscription-manager" to register.

Added m1-zabbix repo from https://repo.zabbix.com/zabbix/7.0/rhel/9/x86_64/
Red Hat Enterprise Linux 9 for x86_64 - BaseOS   14 MB/s |  87 MB     00:06    
Red Hat Enterprise Linux 9 for x86_64 - AppStre  17 MB/s |  73 MB     00:04    
m1-zabbix                                       183 kB/s | 581 kB     00:03    
Last metadata expiration check: 0:00:01 ago on Tue 01 Sep 2026 02:18:01 AM +03.
Metadata cache created.
[2026-08-31T23:18:05Z] selecting target streams inside disposable source root
Updating Subscription Management repositories.
Unable to read consumer identity

This system is not registered with an entitlement server. You can use "rhc" or "subscription-manager" to register.

Added m1-zabbix repo from https://repo.zabbix.com/zabbix/7.0/rhel/9/x86_64/
Last metadata expiration check: 0:00:05 ago on Tue 01 Sep 2026 02:18:01 AM +03.
Dependencies resolved.
================================================================================
 Package           Architecture     Version             Repository         Size
================================================================================
Enabling module streams:
 nginx                              1.24                                       
 php                                8.3                                        
 postgresql                         16                                         

Transaction Summary
================================================================================

Complete!
[2026-08-31T23:18:11Z] downloading complete runtime closure with --resolve --alldeps
Updating Subscription Management repositories.
Unable to read consumer identity

This system is not registered with an entitlement server. You can use "rhc" or "subscription-manager" to register.

Added m1-zabbix repo from https://repo.zabbix.com/zabbix/7.0/rhel/9/x86_64/
Last metadata expiration check: 0:00:11 ago on Tue 01 Sep 2026 02:18:01 AM +03.
Error in resolve of packages:
    zabbix-server-pgsql-7.0.30-release1.el9.x86_64
    zabbix-web-pgsql-7.0.30-release1.el9.noarch
    zabbix-nginx-conf-7.0.30-release1.el9.noarch
    zabbix-sql-scripts-7.0.30-release1.el9.noarch
    zabbix-agent2-7.0.30-release1.el9.x86_64
    zabbix-sender-7.0.30-release1.el9.x86_64
    zabbix-get-7.0.30-release1.el9.x86_64
    zabbix-web-service-7.0.30-release1.el9.x86_64
    zabbix-proxy-sqlite3-7.0.30-release1.el9.x86_64
    zabbix-proxy-pgsql-7.0.30-release1.el9.x86_64
    zabbix-selinux-policy-7.0.30-release1.el9.x86_64
    postgresql-16.10-1.module+el9.6.0+23420+848a4539.x86_64
    postgresql-server-16.10-1.module+el9.6.0+23420+848a4539.x86_64
    postgresql-contrib-16.10-1.module+el9.6.0+23420+848a4539.x86_64
    nginx-1:1.24.0-4.module+el9.5.0+22954+e2d70a1c.1.x86_64
    php-8.3.19-1.module+el9.6.0+23015+da8065b7.x86_64
    php-cli-8.3.19-1.module+el9.6.0+23015+da8065b7.x86_64
    php-fpm-8.3.19-1.module+el9.6.0+23015+da8065b7.x86_64
    php-pgsql-8.3.19-1.module+el9.6.0+23015+da8065b7.x86_64
    php-gd-8.3.19-1.module+el9.6.0+23015+da8065b7.x86_64
    php-bcmath-8.3.19-1.module+el9.6.0+23015+da8065b7.x86_64
    php-mbstring-8.3.19-1.module+el9.6.0+23015+da8065b7.x86_64
    php-xml-8.3.19-1.module+el9.6.0+23015+da8065b7.x86_64
    php-ldap-8.3.19-1.module+el9.6.0+23015+da8065b7.x86_64
    firewalld-1.3.4-15.el9_6.noarch
    policycoreutils-python-utils-3.6-2.1.el9.noarch
    ansible-core-1:2.14.18-1.el9.x86_64
    python3.11-3.11.11-2.el9_6.2.x86_64
    python3.11-pip-22.3.1-5.el9.noarch
    python3.11-setuptools-65.5.1-4.el9_6.noarch
    python3.11-wheel-0.38.4-3.el9.noarch

 Problem: conflicting requests
  - nothing provides fping needed by zabbix-server-pgsql-7.0.30-release1.el9.x86_64 from m1-zabbix
